../Drivers/CMSIS/Include/core_cm0plus.h:741:22:__NVIC_EnableIRQ	16	static,ignoring_inline_asm
../Drivers/CMSIS/Include/core_cm0plus.h:850:22:__NVIC_SetPriority	24	static
../Drivers/STM32G0xx_HAL_Driver/Inc/stm32g0xx_ll_adc.h:2510:22:LL_ADC_SetTriggerFrequencyMode	16	static
../Drivers/STM32G0xx_HAL_Driver/Inc/stm32g0xx_ll_adc.h:2572:22:LL_ADC_SetSamplingTimeCommonChannels	24	static
../Drivers/STM32G0xx_HAL_Driver/Inc/stm32g0xx_ll_adc.h:2784:22:LL_ADC_REG_SetSequencerConfigurable	16	static
../Drivers/STM32G0xx_HAL_Driver/Inc/stm32g0xx_ll_adc.h:3124:22:LL_ADC_REG_SetSequencerRanks	24	static
../Drivers/STM32G0xx_HAL_Driver/Inc/stm32g0xx_ll_adc.h:3823:22:LL_ADC_SetChannelSamplingTime	24	static
../Drivers/STM32G0xx_HAL_Driver/Inc/stm32g0xx_ll_adc.h:4375:22:LL_ADC_SetOverSamplingScope	16	static
../Drivers/STM32G0xx_HAL_Driver/Inc/stm32g0xx_ll_adc.h:4541:22:LL_ADC_EnableInternalRegulator	16	static
../Drivers/STM32G0xx_HAL_Driver/Inc/stm32g0xx_ll_adc.h:4592:22:LL_ADC_Enable	16	static
../Drivers/STM32G0xx_HAL_Driver/Inc/stm32g0xx_ll_adc.h:4675:22:LL_ADC_StartCalibration	16	static
../Drivers/STM32G0xx_HAL_Driver/Inc/stm32g0xx_ll_adc.h:4691:26:LL_ADC_IsCalibrationOnGoing	16	static
../Drivers/STM32G0xx_HAL_Driver/Inc/stm32g0xx_ll_adc.h:4722:22:LL_ADC_REG_StartConversion	16	static
../Drivers/STM32G0xx_HAL_Driver/Inc/stm32g0xx_ll_adc.h:4797:26:LL_ADC_REG_ReadConversionData12	16	static
../Drivers/STM32G0xx_HAL_Driver/Inc/stm32g0xx_ll_adc.h:4891:26:LL_ADC_IsActiveFlag_CCRDY	16	static
../Drivers/STM32G0xx_HAL_Driver/Inc/stm32g0xx_ll_adc.h:4913:26:LL_ADC_IsActiveFlag_EOS	16	static
../Drivers/STM32G0xx_HAL_Driver/Inc/stm32g0xx_ll_adc.h:5004:22:LL_ADC_ClearFlag_CCRDY	16	static
../Drivers/STM32G0xx_HAL_Driver/Inc/stm32g0xx_ll_adc.h:5026:22:LL_ADC_ClearFlag_EOS	16	static
../Drivers/STM32G0xx_HAL_Driver/Inc/stm32g0xx_ll_adc.h:5243:22:LL_ADC_DisableIT_EOC	16	static
../Drivers/STM32G0xx_HAL_Driver/Inc/stm32g0xx_ll_adc.h:5254:22:LL_ADC_DisableIT_EOS	16	static
../Drivers/STM32G0xx_HAL_Driver/Inc/stm32g0xx_ll_rcc.h:1347:22:LL_RCC_HSI_Enable	8	static
../Drivers/STM32G0xx_HAL_Driver/Inc/stm32g0xx_ll_rcc.h:1367:26:LL_RCC_HSI_IsReady	8	static
../Drivers/STM32G0xx_HAL_Driver/Inc/stm32g0xx_ll_rcc.h:1688:22:LL_RCC_SetSysClkSource	16	static
../Drivers/STM32G0xx_HAL_Driver/Inc/stm32g0xx_ll_rcc.h:1703:26:LL_RCC_GetSysClkSource	8	static
../Drivers/STM32G0xx_HAL_Driver/Inc/stm32g0xx_ll_rcc.h:1723:22:LL_RCC_SetAHBPrescaler	16	static
../Drivers/STM32G0xx_HAL_Driver/Inc/stm32g0xx_ll_rcc.h:1739:22:LL_RCC_SetAPB1Prescaler	16	static
../Drivers/STM32G0xx_HAL_Driver/Inc/stm32g0xx_ll_rcc.h:2512:22:LL_RCC_PLL_Enable	8	static
../Drivers/STM32G0xx_HAL_Driver/Inc/stm32g0xx_ll_rcc.h:2533:26:LL_RCC_PLL_IsReady	8	static
../Drivers/STM32G0xx_HAL_Driver/Inc/stm32g0xx_ll_rcc.h:2570:22:LL_RCC_PLL_ConfigDomain_SYS	24	static
../Drivers/STM32G0xx_HAL_Driver/Inc/stm32g0xx_ll_rcc.h:3437:22:LL_RCC_PLL_EnableDomain_SYS	8	static
../Drivers/STM32G0xx_HAL_Driver/Inc/stm32g0xx_ll_bus.h:467:22:LL_APB1_GRP1_EnableClock	24	static
../Drivers/STM32G0xx_HAL_Driver/Inc/stm32g0xx_ll_bus.h:921:22:LL_APB2_GRP1_EnableClock	24	static
../Drivers/STM32G0xx_HAL_Driver/Inc/stm32g0xx_ll_bus.h:1135:22:LL_IOP_GRP1_EnableClock	24	static
../Drivers/STM32G0xx_HAL_Driver/Inc/stm32g0xx_ll_system.h:1972:22:LL_FLASH_SetLatency	16	static
../Drivers/STM32G0xx_HAL_Driver/Inc/stm32g0xx_ll_system.h:1985:26:LL_FLASH_GetLatency	8	static
../Drivers/STM32G0xx_HAL_Driver/Inc/stm32g0xx_ll_exti.h:1470:22:LL_EXTI_SetEXTISource	24	static
../Drivers/STM32G0xx_HAL_Driver/Inc/stm32g0xx_ll_spi.h:371:22:LL_SPI_Enable	16	static
../Drivers/STM32G0xx_HAL_Driver/Inc/stm32g0xx_ll_spi.h:439:22:LL_SPI_SetStandard	16	static
../Drivers/STM32G0xx_HAL_Driver/Inc/stm32g0xx_ll_spi.h:875:22:LL_SPI_EnableNSSPulseMgt	16	static
../Drivers/STM32G0xx_HAL_Driver/Inc/stm32g0xx_ll_tim.h:1586:22:LL_TIM_EnableCounter	16	static
../Drivers/STM32G0xx_HAL_Driver/Inc/stm32g0xx_ll_tim.h:1777:22:LL_TIM_DisableARRPreload	16	static
../Drivers/STM32G0xx_HAL_Driver/Inc/stm32g0xx_ll_tim.h:3365:22:LL_TIM_SetClockSource	16	static
../Drivers/STM32G0xx_HAL_Driver/Inc/stm32g0xx_ll_tim.h:3411:22:LL_TIM_SetTriggerOutput	16	static
../Drivers/STM32G0xx_HAL_Driver/Inc/stm32g0xx_ll_tim.h:3441:22:LL_TIM_SetTriggerOutput2	16	static
../Drivers/STM32G0xx_HAL_Driver/Inc/stm32g0xx_ll_tim.h:3511:22:LL_TIM_DisableMasterSlaveMode	16	static
../Drivers/STM32G0xx_HAL_Driver/Inc/stm32g0xx_ll_tim.h:4262:22:LL_TIM_ClearFlag_UPDATE	16	static
../Drivers/STM32G0xx_HAL_Driver/Inc/stm32g0xx_ll_tim.h:4273:26:LL_TIM_IsActiveFlag_UPDATE	16	static
../Drivers/STM32G0xx_HAL_Driver/Inc/stm32g0xx_ll_tim.h:4625:22:LL_TIM_EnableIT_UPDATE	16	static
../Drivers/STM32G0xx_HAL_Driver/Inc/stm32g0xx_ll_gpio.h:283:22:LL_GPIO_SetPinMode	24	static
../Drivers/STM32G0xx_HAL_Driver/Inc/stm32g0xx_ll_gpio.h:491:22:LL_GPIO_SetPinPull	24	static
../Drivers/STM32G0xx_HAL_Driver/Inc/stm32g0xx_ll_gpio.h:857:22:LL_GPIO_SetOutputPin	16	static
../Drivers/STM32G0xx_HAL_Driver/Inc/stm32g0xx_ll_gpio.h:886:22:LL_GPIO_ResetOutputPin	16	static
../Core/Src/main.c:92:10:Conversion_ADC	16	static
../Core/Src/main.c:100:6:BataryProcess	24	static
../Core/Src/main.c:113:10:Random32	16	static
../Core/Src/main.c:129:6:LayerOff	8	static
../Core/Src/main.c:137:6:LayerSwitsh	16	static
../Core/Src/main.c:147:6:Set_Led_On	16	static
../Core/Src/main.c:151:6:Set_Led_Off	16	static
../Core/Src/main.c:155:6:LedLayer	24	static
../Core/Src/main.c:173:6:LayerProcess	16	static
../Core/Src/main.c:185:6:Mode_FillCube	16	static
../Core/Src/main.c:197:6:Mode_Wall	40	static
../Core/Src/main.c:216:6:Mode_Сross	16	static
../Core/Src/main.c:233:6:Mode_Circuit	8	static
../Core/Src/main.c:259:6:Mode_RandCol	48	static
../Core/Src/main.c:288:6:Mode_Rotate	40	static
../Core/Src/main.c:307:6:Drop_Create	16	static
../Core/Src/main.c:313:6:Mode_Rain	16	static
../Core/Src/main.c:337:6:ModeProcess	24	static
../Core/Src/main.c:381:5:main	16	static
../Core/Src/main.c:455:6:SystemClock_Config	8	static
../Core/Src/main.c:499:13:MX_ADC1_Init	88	static
../Core/Src/main.c:605:13:MX_SPI1_Init	80	static
../Core/Src/main.c:668:13:MX_SPI2_Init	80	static
../Core/Src/main.c:732:13:MX_TIM1_Init	32	static
../Core/Src/main.c:773:13:MX_TIM3_Init	32	static
../Core/Src/main.c:812:13:MX_GPIO_Init	48	static
../Core/Src/main.c:939:6:TIM1_IT	8	static
../Core/Src/main.c:946:6:TIM3_IT	8	static
../Core/Src/main.c:954:6:MODE_IT	8	static
../Core/Src/main.c:963:6:Error_Handler	8	static,ignoring_inline_asm
