../Drivers/STM32G0xx_HAL_Driver/Inc/stm32g0xx_ll_exti.h:1298:26:LL_EXTI_IsActiveRisingFlag_0_31	16	static
../Drivers/STM32G0xx_HAL_Driver/Inc/stm32g0xx_ll_exti.h:1400:22:LL_EXTI_ClearRisingFlag_0_31	16	static
../Core/Src/stm32g0xx_it.c:71:6:NMI_Handler	8	static
../Core/Src/stm32g0xx_it.c:86:6:HardFault_Handler	8	static
../Core/Src/stm32g0xx_it.c:101:6:SVC_Handler	8	static
../Core/Src/stm32g0xx_it.c:114:6:PendSV_Handler	8	static
../Core/Src/stm32g0xx_it.c:127:6:SysTick_Handler	8	static
../Core/Src/stm32g0xx_it.c:148:6:EXTI4_15_IRQHandler	8	static
../Core/Src/stm32g0xx_it.c:168:6:TIM1_BRK_UP_TRG_COM_IRQHandler	8	static
../Core/Src/stm32g0xx_it.c:181:6:TIM3_IRQHandler	8	static
